<html>
<body>
<pre>
<h1>礦ision Build Log</h1>
<h2>Project:</h2>
F:\KEIL\5.青云测试代码\第三部分：BLE蓝牙实验\BLE实验8：BLEbeacon应用\Board\nrf51_beacon\pca20006\ble_app_beacon_bcs\arm\ble_app_beacon_bcs.uvprojx
Project File Date:  10/26/2017

<h2>Output:</h2>
Rebuild target 'nrf51822_xxaa_s110 (256K)'
assembling arm_startup_nrf51.s...
compiling system_nrf51.c...
compiling main.c...
compiling ble_srv_common.c...
compiling ble_bcs.c...
compiling ble_advdata.c...
compiling softdevice_handler.c...
compiling ble_debug_assert_handler.c...
compiling app_button.c...
compiling app_gpiote.c...
compiling app_scheduler.c...
compiling app_timer.c...
compiling ble_conn_params.c...
compiling crc16.c...
compiling pstorage_mod.c...
linking...
Program Size: Code=14184 RO-data=244 RW-data=248 ZI-data=3648  
FromELF: creating hex file...
".\_build\ble_app_beacon.axf" - 0 Error(s), 0 Warning(s).
Load "F:\\KEIL\\5.青云测试代码\\第三部分：BLE蓝牙实验\\BLE实验8：BLEbeacon应用\\Board\\nrf51_beacon\\pca20006\\ble_app_beacon_bcs\\arm\\_build\\ble_app_beacon.axf" 
Set JLink Project File to "F:\KEIL\5.青云测试代码\第三部分：BLE蓝牙实验\BLE实验8：BLEbeacon应用\Board\nrf51_beacon\pca20006\ble_app_beacon_bcs\arm\JLinkSettings.ini"
* JLink Info: Device "NRF51822_XXAA" selected (257 KB flash, 8 KB RAM).
 
JLink info:
------------
DLL: V4.72a, compiled Jun 26 2013 11:49:14
Firmware: J-Link ARM-OB STM32 compiled Aug 22 2012 19:52:04
Hardware: V7.00
S/N : 20090928 
Feature(s) : RDI,FlashDL,FlashBP,JFlash,GDBFull 
 
* JLink Info: Found SWD-DP with ID 0x0BB11477
* JLink Info: FPUnit: 4 code (BP) slots and 0 literal slots
* JLink Info: Found Cortex-M0 r0p0, Little endian.
ROMTableAddr = 0xE00FF003
 
Target info:
------------
Device: nRF51822_xxAA
VTarget = 3.300V
State of Pins: 
TCK: 0, TDI: 0, TDO: 1, TMS: 0, TRES: 1, TRST: 1
Hardware-Breakpoints: 4
Software-Breakpoints: 8192
Watchpoints:          2
JTAG speed: 2000 kHz
 
Erase Done.
Programming Done.
Verify OK.
Application running ...
</pre>
</body>
</html>
"F:\KEIL\5.青云测试代码\第三部分：BLE蓝牙实验\BLE实验8：BLEbeacon应用\Board\nrf51_beacon\pca20006\ble_app_beacon_bcs\arm\JLinkSettings.ini"
* JLink Info: Device "NRF51822_XXAA" selected (257 KB flash, 8 KB RAM).
 
JLink info:
------------
DLL: V4.72a, compiled Jun 26 2013 11:49:14
Firmware: J-Link ARM-OB STM32 compiled Aug 22 2012 19:52:04
Hardware: V7.00
S/N : 20090928 
Feature(s) : RDI,FlashDL,FlashBP,JFlash,GDBFull 
 
* JLink Info: Found SWD-DP with ID 0x0BB11477
* JLink Info: FPUnit: 4 code (BP) slots and 0 literal slots
* JLink Info: Found Cortex-M0 r0p0, Little endian.
ROMTableAddr = 0xE00FF003
 
Target info:
------------
Device: nRF51822_xxAA
VTarget = 3.300V
State of Pins: 
TCK: 0, TDI: 0, TDO: 1, TMS: 0, TRES: 1, TRST: 1
Hardware-Breakpoints: 4
Software-Breakpoints: 8192
Watchpoints:          2
JTAG speed: 2000 kHz
 
Full Chip Erase Failed!
Set JLink Project File to "F:\KEIL\5.青云测试代码\第三部分：BLE蓝牙实验\BLE实验8：BLEbeacon应用\Board\nrf51_beacon\pca20006\ble_app_beacon_bcs\arm\JLinkSettings.ini"
* JLink Info: Device "NRF51822_XXAA" selected (257 KB flash, 8 KB RAM).
 
JLink info:
------------
DLL: V4.72a, compiled Jun 26 2013 11:49:14
Firmware: J-Link ARM-OB STM32 compiled Aug 22 2012 19:52:04
Hardware: V7.00
S/N : 20090928 
Feature(s) : RDI,FlashDL,FlashBP,JFlash,GDBFull 
 
* JLink Info: Found SWD-DP with ID 0x0BB11477
* JLink Info: FPUnit: 4 code (BP) slots and 0 literal slots
* JLink Info: Found Cortex-M0 r0p0, Little endian.
ROMTableAddr = 0xE00FF003
 
Target info:
------------
Device: nRF51822_xxAA
VTarget = 3.300V
State of Pins: 
TCK: 0, TDI: 0, TDO: 1, TMS: 0, TRES: 1, TRST: 1
Hardware-Breakpoints: 4
Software-Breakpoints: 8192
Watchpoints:          2
JTAG speed: 2000 kHz
 
Full Chip Erase Done.

Set JLink Project File to "F:\KEIL\5.青云测试代码\第三部分：BLE蓝牙实验\BLE实验8：BLEbeacon应用\Board\nrf51_beacon\pca20006\ble_app_beacon_bcs\arm\JLinkSettings.ini"
* JLink Info: Device "NRF51822_XXAA" selected (257 KB flash, 8 KB RAM).
 
JLink info:
------------
DLL: V4.72a, compiled Jun 26 2013 11:49:14
Firmware: J-Link ARM-OB STM32 compiled Aug 22 2012 19:52:04
Hardware: V7.00
S/N : 20090928 
Feature(s) : RDI,FlashDL,FlashBP,JFlash,GDBFull 
 
* JLink Info: Found SWD-DP with ID 0x0BB11477
* JLink Info: FPUnit: 4 code (BP) slots and 0 literal slots
* JLink Info: Found Cortex-M0 r0p0, Little endian.
ROMTableAddr = 0xE00FF003
 
Target info:
------------
Device: nRF51822_xxAA
VTarget = 3.300V
State of Pins: 
TCK: 0, TDI: 0, TDO: 1, TMS: 0, TRES: 1, TRST: 1
Hardware-Breakpoints: 4
Software-Breakpoints: 8192
Watchpoints:          2
JTAG speed: 2000 kHz
 
Full Chip Erase Done.
Target = 3.300V
State of Pins: 
TCK: 0, TDI: 0, TDO: 1, TMS: 0, TRES: 1, TRST: 1
Hardware-Breakpoints: 4
Software-Breakpoints: 8192
Watchpoints:          2
JTAG speed: 2000 kHz
 
Full Chip Erase Done.
Load "F:\\KEIL\\5.青云测试代码\\第三部分：BLE蓝牙实验\\BLE实验8：BLEbeacon应用\\Board\\nrf51_beacon\\pca20006\\ble_app_beacon_bcs\\arm\\_build\\ble_app_beacon.axf" 
Set JLink Project File to "F:\KEIL\5.青云测试代码\第三部分：BLE蓝牙实验\BLE实验8：BLEbeacon应用\Board\nrf51_beacon\pca20006\ble_app_beacon_bcs\arm\JLinkSettings.ini"
* JLink Info: Device "NRF51822_XXAA" selected (257 KB flash, 8 KB RAM).
 
JLink info:
------------
DLL: V4.72a, compiled Jun 26 2013 11:49:14
Firmware: J-Link ARM-OB STM32 compiled Aug 22 2012 19:52:04
Hardware: V7.00
S/N : 20090928 
Feature(s) : RDI,FlashDL,FlashBP,JFlash,GDBFull 
 
* JLink Info: Found SWD-DP with ID 0x0BB11477
* JLink Info: FPUnit: 4 code (BP) slots and 0 literal slots
* JLink Info: Found Cortex-M0 r0p0, Little endian.
ROMTableAddr = 0xE00FF003
 
Target info:
------------
Device: nRF51822_xxAA
VTarget = 3.300V
State of Pins: 
TCK: 0, TDI: 0, TDO: 1, TMS: 0, TRES: 1, TRST: 1
Hardware-Breakpoints: 4
Software-Breakpoints: 8192
Watchpoints:          2
JTAG speed: 2000 kHz
 
Erase Done.
Programming Done.
Verify OK.
Application running ...
