<html>
<body>
<pre>
<h1>礦ision Build Log</h1>
<h2>Project:</h2>
G:\KEIL\5.青云测试代码\第三部分：BLE蓝牙实验\BLE实验8：BLEbeacon应用\Board\nrf51_beacon\pca20006\ble_app_beacon_bcs\arm\ble_app_beacon_bcs.uvprojx
Project File Date:  02/27/2017

<h2>Output:</h2>
Rebuild target 'nrf51822_xxaa_s110 (256K)'
assembling arm_startup_nrf51.s...
compiling system_nrf51.c...
compiling main.c...
compiling ble_srv_common.c...
compiling ble_bcs.c...
compiling ble_advdata.c...
compiling softdevice_handler.c...
compiling ble_debug_assert_handler.c...
compiling app_button.c...
compiling app_gpiote.c...
compiling app_scheduler.c...
compiling app_timer.c...
compiling ble_conn_params.c...
compiling crc16.c...
compiling pstorage_mod.c...
linking...
Program Size: Code=14184 RO-data=244 RW-data=248 ZI-data=3648  
FromELF: creating hex file...
".\_build\ble_app_beacon.axf" - 0 Error(s), 0 Warning(s).
